// Vitest Snapshot v1, https://vitest.dev/guide/snapshot.html

exports[`provideFirestoreAnalytics > should provide FIREBASE_ANALYTICS and ErrorHandler 1`] = `
[
  {
    "provide": InjectionToken {
      "_desc": "FIREBASE_ANALYTICS",
      "ngMetadataName": "InjectionToken",
      "ɵprov": undefined,
    },
    "useFactory": [Function],
  },
  {
    "provide": [Function],
    "useClass": [Function],
  },
]
`;
