🔎 checking possible migrations..

⚠️  failed to check fix mdx-to-csf

Error: ❌ Unable to determine Storybook stories globs in {
  "addons": [
    "@storybook/addon-docs",
    "@chromatic-com/storybook"
  ],
  "framework": {
    "name": "@storybook/angular",
    "options": {}
  },
  "docs": {
    "autodocs": true
  }
}, skipping mdx-to-csf fix.

In Storybook 7, we have deprecated defining stories in MDX files, and consequently have changed the suffix to simply .mdx.

Now, since Storybook 8.0, we have removed support for .stories.mdx files.

We were unable to automatically migrate your 'stories' config to include any .mdx file instead of just .stories.mdx.
We suggest you make this change manually.
To learn more about this change, see: https://github.com/storybookjs/storybook/blob/next/MIGRATION.md#mdx-docs-files
    at Object.check (/Users/gaygmu/.npm/_npx/7122ab1f221a777a/node_modules/@storybook/cli/dist/bin/index.cjs:239:1391)
    at runFixes (/Users/gaygmu/.npm/_npx/7122ab1f221a777a/node_modules/@storybook/cli/dist/bin/index.cjs:531:2936)
    at async automigrate (/Users/gaygmu/.npm/_npx/7122ab1f221a777a/node_modules/@storybook/cli/dist/bin/index.cjs:531:1625)
    at async doAutomigrate (/Users/gaygmu/.npm/_npx/7122ab1f221a777a/node_modules/@storybook/cli/dist/bin/index.cjs:531:636)
    at async Command.<anonymous> (/Users/gaygmu/.npm/_npx/7122ab1f221a777a/node_modules/@storybook/cli/dist/bin/index.cjs:601:2888)

🔎 found a 'remove-react-dependency' migration:
╭ Manual migration detected ──────────────────────────────────────────────────────────────────────────────────────────────────────────────────────────────────────────╮
│                                                                                                                                                                     │
│   We detected that your project has a dependency for "react" that it might not need.                                                                                │
│   Nothing breaks by having it, you can safely ignore this message, if you wish.                                                                                     │
│                                                                                                                                                                     │
│   Storybook asked you to add "react" as a direct dependency in the past when upgrading from Storybook 6 to 7.                                                       │
│   However, since version 8.0, Storybook no longer requires you to provide "react" as a dependency.                                                                  │
│   Some community addons might still wrongfully list "react" and "react-dom" as required peer dependencies, but since Storybook 7.6 it should not be needed in the   │
│   majority of cases.                                                                                                                                                │
│                                                                                                                                                                     │
│   If you know you are not using React outside of Storybook, it should be safe to remove the "react" and "react-dom" dependencies from your project's                │
│   package.json.                                                                                                                                                     │
│   Storybook cannot do this automatically as removing it might break your project, so it should be done manually with care.                                          │
│                                                                                                                                                                     │
╰─────────────────────────────────────────────────────────────────────────────────────────────────────────────────────────────────────────────────────────────────────╯

⚠️  failed to check fix autodocs-tags

Error: ❌ Failed to remove the deprecated docs.autodocs setting from .storybook/main.js.

There is no preview config file in which to add the autodocs tag.

Please perform the migration by hand: https://github.com/storybookjs/storybook/blob/next/MIGRATION.md#mainjs-docsautodocs-is-deprecated
    at Object.check (/Users/gaygmu/.npm/_npx/7122ab1f221a777a/node_modules/@storybook/cli/dist/bin/index.cjs:129:533)
    at runFixes (/Users/gaygmu/.npm/_npx/7122ab1f221a777a/node_modules/@storybook/cli/dist/bin/index.cjs:531:2936)
    at async automigrate (/Users/gaygmu/.npm/_npx/7122ab1f221a777a/node_modules/@storybook/cli/dist/bin/index.cjs:531:1625)
    at async doAutomigrate (/Users/gaygmu/.npm/_npx/7122ab1f221a777a/node_modules/@storybook/cli/dist/bin/index.cjs:531:636)
    at async Command.<anonymous> (/Users/gaygmu/.npm/_npx/7122ab1f221a777a/node_modules/@storybook/cli/dist/bin/index.cjs:601:2888)

╭ Migration check ran with failures ────────────────────────────────────────────────────────────────────────────────────────────────────────────────────────────╮
│                                                                                                                                                               │
│   Failed migrations:                                                                                                                                          │
│                                                                                                                                                               │
│   mdx-to-csf:                                                                                                                                                 │
│   ❌ Unable to determine Storybook stories globs in {                                                                                                         │
│     "addons": [                                                                                                                                               │
│       "@storybook/addon-docs",                                                                                                                                │
│       "@chromatic-com/storybook"                                                                                                                              │
│     ],                                                                                                                                                        │
│     "framework": {                                                                                                                                            │
│       "name": "@storybook/angular",                                                                                                                           │
│       "options": {}                                                                                                                                           │
│     },                                                                                                                                                        │
│     "docs": {                                                                                                                                                 │
│       "autodocs": true                                                                                                                                        │
│     }                                                                                                                                                         │
│   }, skipping mdx-to-csf fix.                                                                                                                                 │
│                                                                                                                                                               │
│   In Storybook 7, we have deprecated defining stories in MDX files, and consequently have changed the suffix to simply .mdx.                                  │
│                                                                                                                                                               │
│   Now, since Storybook 8.0, we have removed support for .stories.mdx files.                                                                                   │
│                                                                                                                                                               │
│   We were unable to automatically migrate your 'stories' config to include any .mdx file instead of just .stories.mdx.                                        │
│   We suggest you make this change manually.                                                                                                                   │
│   To learn more about this change, see: https://github.com/storybookjs/storybook/blob/next/MIGRATION.md#mdx-docs-files                                        │
│   autodocs-tags:                                                                                                                                              │
│   ❌ Failed to remove the deprecated docs.autodocs setting from .storybook/main.js.                                                                           │
│                                                                                                                                                               │
│   There is no preview config file in which to add the autodocs tag.                                                                                           │
│                                                                                                                                                               │
│   Please perform the migration by hand: https://github.com/storybookjs/storybook/blob/next/MIGRATION.md#mainjs-docsautodocs-is-deprecated                     │
│                                                                                                                                                               │
│   You can find the full logs in /Users/gaygmu/DEV/Private/travellers-apps/migration-storybook.log                                                             │
│                                                                                                                                                               │
│   Manual migrations:                                                                                                                                          │
│                                                                                                                                                               │
│   remove-react-dependency                                                                                                                                     │
│                                                                                                                                                               │
│   ─────────────────────────────────────────────────                                                                                                           │
│                                                                                                                                                               │
│   If you'd like to run the migrations again, you can do so by running 'npx storybook automigrate'                                                             │
│                                                                                                                                                               │
│   The automigrations try to migrate common patterns in your project, but might not contain everything needed to migrate to the latest version of Storybook.   │
│                                                                                                                                                               │
│   Please check the changelog and migration guide for manual migrations and more information: https://storybook.js.org/docs/migration-guide                    │
│   And reach out on Discord if you need help: https://discord.gg/storybook                                                                                     │
│                                                                                                                                                               │
╰───────────────────────────────────────────────────────────────────────────────────────────────────────────────────────────────────────────────────────────────╯

